../Drivers/STM32H5xx_HAL_Driver/Inc/stm32h5xx_ll_bus.h:875:22:LL_AHB2_GRP1_EnableClock	24	static
../Drivers/STM32H5xx_HAL_Driver/Inc/stm32h5xx_ll_bus.h:1524:22:LL_APB1_GRP2_EnableClock	24	static
../Core/Src/main.c:91:5:main	16	static
../Core/Src/main.c:150:6:SystemClock_Config	120	static
../Core/Src/main.c:209:13:MX_ETH_Init	8	static
../Core/Src/main.c:258:13:MX_ICACHE_Init	8	static
../Core/Src/main.c:286:13:MX_UCPD1_Init	32	static
../Core/Src/main.c:322:13:MX_USB_PCD_Init	8	static
../Core/Src/main.c:358:13:MX_GPIO_Init	56	static
../Core/Src/main.c:431:6:HAL_TIM_PeriodElapsedCallback	16	static
../Core/Src/main.c:448:6:Error_Handler	4	static,ignoring_inline_asm
