../Core/Src/stm32h5xx_hal_msp.c:64:6:HAL_MspInit	8	static
../Core/Src/stm32h5xx_hal_msp.c:85:6:HAL_ETH_MspInit	64	static
../Core/Src/stm32h5xx_hal_msp.c:151:6:HAL_ETH_MspDeInit	16	static
../Core/Src/stm32h5xx_hal_msp.c:196:6:HAL_RTC_MspInit	288	static
../Core/Src/stm32h5xx_hal_msp.c:230:6:HAL_RTC_MspDeInit	16	static
../Core/Src/stm32h5xx_hal_msp.c:253:6:HAL_UART_MspInit	320	static
../Core/Src/stm32h5xx_hal_msp.c:340:6:HAL_UART_MspDeInit	16	static
../Core/Src/stm32h5xx_hal_msp.c:391:6:HAL_PCD_MspInit	312	static
../Core/Src/stm32h5xx_hal_msp.c:437:6:HAL_PCD_MspDeInit	16	static
